1785859276.187|ets Jul 29 2019 12:21:46
1785859276.192|rst:0x1 (POWERON_RESET),boot:0x13 (SPI_FAST_FLASH_BOOT)
1785859276.195|configsip: 0, SPIWP:0xee
1785859276.200|clk_drv:0x00,q_drv:0x00,d_drv:0x00,cs0_drv:0x00,hd_drv:0x00,wp_drv:0x00
1785859276.203|mode:DIO, clock div:2
1785859276.206|load:0x3fff0030,len:1184
1785859276.208|load:0x40078000,len:13232
1785859276.209|load:0x40080400,len:3028
1785859276.212|entry 0x400805e4
1785859276.968|[membudget] boot-baseline freeInt=204604 lfbInt=110580 freeDma=161460 lfbDma=110580
1785859276.973|[boot] git=d1ebff3 elf=4a6b71bc build=Aug  4 2026 17:00:25
1785859276.975|cyd display setup
1785859277.279|winamp display setup
1785859277.396|Initialisation done.
1785859277.431|SettingsStorage: loaded
1785859277.471|TouchCalStorage: loaded xMin=223 xMax=3582 yMin=196 yMax=3890
1785859277.533|[D][chrome] drawVolume pct=-1 keyframe=NONE
1785859277.547|reading config file
1785859277.550|opened config file
1785859277.550|parsed json
1785859277.560|config loaded: clientId=db…e0 (len=32) clientSecret=b9…63 (len=32) refreshToken=AQ…ng (len=131)
1785859277.579|[wifi-ev] t=681 ev=0 EV
1785859277.653|[wifi-ev] t=756 ev=2 STA_START
1785859277.696|[wifi-ev] t=797 ev=5 STA_DISCONNECTED reason=202
1785859277.776|[wifi-ev] t=878 ev=4 STA_CONNECTED
1785859278.324|[wifi-ev] t=1425 ev=7 STA_GOT_IP ip=192.168.1.181
1785859278.367|IP address: 192.168.1.181
1785859278.375|[membudget] post-wifi freeInt=148776 lfbInt=102388 freeDma=105632 lfbDma=102388
1785859282.825|[time] synced epoch=1785859282 in 4452ms
1785859282.831|[boot] spotify=idle (playerMode=webradio) — refresh deferred to first toggle
1785859282.834|[boot] spotify=off
1785859282.842|[membudget] post-spotifyTask freeInt=146928 lfbInt=102388 freeDma=103784 lfbDma=102388
1785859282.848|[membudget] post-dataTask freeInt=132072 lfbInt=86004 freeDma=88928 lfbDma=86004
1785859282.852|[I][dataTask] task started stack=14336B
1785859282.914|[D][chrome] drawVolume pct=-1 keyframe=NONE
1785859282.929|[shell] leaving 0  heap=132072 maxAlloc=86004 minFree=131952
1785859282.955|[I][webradio] HEAP init free=131668 min=131648
1785859282.960|[I][webradio] HEAP pre-fetch free=131668 min=131648
1785859282.966|[shell] entered 11  heap=131668 maxAlloc=86004 minFree=131648
1785859282.969|[D][dataTask.webradio] heap free=86k maxBlk=83k
1785859282.985|[D][dataTask.webradio] url=https://all.api.radio-browser.info/json/stations/search?countrycode=NL&codec=MP3&hidebroken=true&order=votes&reverse=true&limit=30&offset=0&bitrateMax=128
1785859282.991|[shell] switch 0->11 suspend=1ms wipe=27ms init=1ms taskbar=25ms total=54ms
1785859282.999|[membudget] post-init-idle freeInt=123836 lfbInt=77812 freeDma=80692 lfbDma=77812
1785859283.005|{"ok":true,"cmd":"get","var":"appId","id":11,"name":"WebRadio","last":true}
1785859283.010|{"ok":true,"cmd":"get","var":"appId","id":11,"name":"WebRadio","last":true}
1785859283.018|{"ok":true,"cmd":"get","var":"appId","id":11,"name":"WebRadio","last":true}
1785859283.040|[I][hb] display=winamp wifi=rssi(-48) disc=1 heap=120k maxAlloc=75k stack_hwm=17580b uptime=00:00:06 poll=0/0 last=0 block_max=0ms loop_max=0ms slow=shell.switch:54ms last_poll_age_ms=0 next_poll_in_ms=5000 last_render_age_ms=98 build=Aug  4 2026-17:00:25
1785859283.086|[D][chrome] drawVolume pct=-1 keyframe=NONE
1785859283.090|[D][chrome] drawVolume pct=100 keyframe=4
1785859283.117|[W][perf] iter=117ms (worst path so far: app.tick:79ms)
1785859283.122|{"ok":true,"cmd":"set","var":"bgPoll","val":"0"}
1785859283.125|{"ok":true,"cmd":"switchApp","id":11}
1785859283.132|{"ok":true,"cmd":"get","var":"wrCount","count":0,"pending":1,"last":true}
1785859285.138|{"ok":true,"cmd":"get","var":"wrCount","count":0,"pending":1,"last":true}
1785859285.697|[I][dataTask.webradio] GET mirror=all.api.radio-browser.info code=200 elapsed=2705ms
1785859286.127|[D][dataTask.webradio] url=https://all.api.radio-browser.info/json/stations/search?countrycode=NL&codec=MP3&hidebroken=true&order=votes&reverse=true&limit=30&offset=30&bitrateMax=128
1785859287.156|{"ok":true,"cmd":"get","var":"wrCount","count":0,"pending":1,"last":true}
1785859288.741|[I][dataTask.webradio] GET mirror=all.api.radio-browser.info code=200 elapsed=2610ms
1785859289.153|[I][dataTask.webradio] ok mirror=all.api.radio-browser.info country=NL count=30
1785859289.155|[D][dataTask.webradio] heap free=85k maxBlk=41k
1785859289.161|[I][webradio] HEAP post-fetch free=130632 min=65664
1785859289.166|[I][webradio] stations loaded count=30 country=NL
1785859289.195|[D][chrome] drawVolume pct=100 keyframe=4
1785859289.199|[D][chrome] drawVolume pct=100 keyframe=4
1785859289.228|[W][perf] iter=80ms (worst path so far: app.tick:79ms)
1785859289.236|{"ok":true,"cmd":"get","var":"wrCount","count":30,"pending":0,"last":true}
1785859289.248|{"ok":true,"cmd":"get","var":"wrCount","count":30,"pending":0,"last":true}
1785859289.270|{"ok":true,"cmd":"get","var":"wrStation","idx":0,"name":"Radio 10","bitrate":128,"url":"http://playerservices.streamtheworld.com/api/livestream-redirect/RADIO10.mp3","last":true}
1785859289.291|{"ok":true,"cmd":"get","var":"wrStation","idx":1,"name":"Sky Radio 80's Hits","bitrate":128,"url":"http://playerservices.streamtheworld.com/api/livestream-redirect/SRGSTR04.mp3","last":true}
1785859289.309|{"ok":true,"cmd":"get","var":"wrStation","idx":2,"name":"SLAM!","bitrate":128,"url":"http://stream.slam.nl/slam","last":true}
1785859289.328|{"ok":true,"cmd":"get","var":"wrStation","idx":3,"name":"Concertzender Baroque","bitrate":128,"url":"http://streams.greenhost.nl:8080/barok","last":true}
1785859289.349|{"ok":true,"cmd":"get","var":"wrStation","idx":4,"name":"Radio 10 60's & 70's Hits","bitrate":128,"url":"http://22333.live.streamtheworld.com:3690/TLPSTR18_SC","last":true}
1785859289.372|{"ok":true,"cmd":"get","var":"wrStation","idx":5,"name":"Sky Radio Christmas","bitrate":128,"url":"http://playerservices.streamtheworld.com/api/livestream-redirect/SRGSTR08.mp3","last":true}
1785859289.391|{"ok":true,"cmd":"get","var":"wrStation","idx":6,"name":"SLAM! Non Stop","bitrate":128,"url":"http://stream.radiocorp.nl/web10_mp3","last":true}
1785859289.411|{"ok":true,"cmd":"get","var":"wrStation","idx":7,"name":"100% NL","bitrate":128,"url":"http://stream.100p.nl/100pctnl.mp3","last":true}
1785859289.431|{"ok":true,"cmd":"get","var":"wrStation","idx":8,"name":"Concertzender Oude Muziek","bitrate":128,"url":"http://streams.greenhost.nl:8080/oudemuziek","last":true}
1785859289.450|{"ok":true,"cmd":"get","var":"wrStation","idx":9,"name":"The Great American Songbook","bitrate":128,"url":"http://tgas.dyndns.org:8001/;","last":true}
1785859289.474|{"ok":true,"cmd":"get","var":"wrStation","idx":10,"name":"Sky Radio 101 FM","bitrate":128,"url":"http://playerservices.streamtheworld.com/api/livestream-redirect/SKYRADIO.mp3","last":true}
1785859289.497|{"ok":true,"cmd":"get","var":"wrStation","idx":11,"name":"Radio 538","bitrate":128,"url":"http://playerservices.streamtheworld.com/api/livestream-redirect/RADIO538.mp3","last":true}
1785859289.518|{"ok":true,"cmd":"get","var":"wrStation","idx":12,"name":"Sky Radio 90's Hits","bitrate":128,"url":"http://22343.live.streamtheworld.com:80/SRGSTR05.mp3","last":true}
1785859289.538|{"ok":true,"cmd":"get","var":"wrStation","idx":13,"name":"Concertzender Geen dag zonder Bach","bitrate":128,"url":"http://streams.greenhost.nl:8080/bach","last":true}
1785859289.557|{"ok":true,"cmd":"get","var":"wrStation","idx":14,"name":"Slam! Mixmarathon","bitrate":128,"url":"http://stream.radiocorp.nl/web13_mp3","last":true}
1785859289.580|{"ok":true,"cmd":"get","var":"wrStation","idx":15,"name":"538 Dance Departmetn","bitrate":128,"url":"http://playerservices.streamtheworld.com/api/livestream-redirect/TLPSTR01.mp3","last":true}
1785859289.600|{"ok":true,"cmd":"get","var":"wrStation","idx":16,"name":"Radio 538 Ibiza","bitrate":128,"url":"http://22323.live.streamtheworld.com/TLPSTR19_SC","last":true}
1785859289.620|{"ok":true,"cmd":"get","var":"wrStation","idx":17,"name":"Radio 538 Nonstop","bitrate":128,"url":"http://25303.live.streamtheworld.com/TLPSTR09_SC","last":true}
1785859289.641|{"ok":true,"cmd":"get","var":"wrStation","idx":18,"name":"Concertzender Gregoriaans","bitrate":128,"url":"http://streams.greenhost.nl:8080/gregoriaans","last":true}
1785859289.661|{"ok":true,"cmd":"get","var":"wrStation","idx":19,"name":"Radio 538 Party","bitrate":128,"url":"http://28973.live.streamtheworld.com/TLPSTR16_SC","last":true}
1785859289.680|{"ok":true,"cmd":"get","var":"wrStation","idx":20,"name":"Radio Caroline 319 Gold","bitrate":128,"url":"http://www.rmgoldserver.eu:8313/","last":true}
1785859289.699|{"ok":true,"cmd":"get","var":"wrStation","idx":21,"name":"RTV Oost Radio","bitrate":128,"url":"http://streams.rtvoost.nl/audio/oost/mp3","last":true}
1785859289.720|{"ok":true,"cmd":"get","var":"wrStation","idx":22,"name":"Concertzender De Muzikant","bitrate":128,"url":"http://streams.greenhost.nl:8080/amateurmuziek","last":true}
1785859289.739|{"ok":true,"cmd":"get","var":"wrStation","idx":23,"name":"SLAM! DANCE CLASSICS","bitrate":128,"url":"http://stream.slam.nl/WEB15_MP3","last":true}
1785859289.761|{"ok":true,"cmd":"get","var":"wrStation","idx":24,"name":"538 Non-Stop","bitrate":128,"url":"http://playerservices.streamtheworld.com/api/livestream-redirect/TLPSTR09.mp3","last":true}
1785859289.781|{"ok":true,"cmd":"get","var":"wrStation","idx":25,"name":"Concertzender Geen dag zonder Bach","bitrate":128,"url":"http://streams.greenhost.nl:8080/bach","last":true}
1785859289.798|{"ok":true,"cmd":"get","var":"wrStation","idx":26,"name":"Coastline","bitrate":128,"url":"http://81.169.223.8/","last":true}
1785859289.821|{"ok":true,"cmd":"get","var":"wrStation","idx":27,"name":"RADIO 10 TOP 4000","bitrate":128,"url":"http://playerservices.streamtheworld.com/api/livestream-redirect/TLPSTR24.mp3","last":true}
1785859289.844|{"ok":true,"cmd":"get","var":"wrStation","idx":28,"name":"Sky Radio Nice & Easy","bitrate":128,"url":"http://playerservices.streamtheworld.com/api/livestream-redirect/SRGSTR07.mp3","last":true}
1785859289.864|{"ok":true,"cmd":"get","var":"wrStation","idx":29,"name":"Radio Noordvaarder Angel Healing","bitrate":128,"url":"http://www1.radionoordvaarder.nl:8000/;","last":true}
1785859289.878|{"ok":true,"cmd":"get","var":"wrSkip","autoSkip":1,"tried":0,"retries":0,"settled":0,"pending":0,"last":true}
1785859289.889|{"ok":true,"cmd":"set","var":"wrAutoSkip","val":"1"}
1785859289.904|{"ok":true,"cmd":"get","var":"wrSkip","autoSkip":1,"tried":0,"retries":0,"settled":0,"pending":0,"last":true}
1785859289.927|[I][webradio] play idx=0 name=INJECTED url=http://playerservices.streamtheworld.com/api/livestream-redirect/RADIO10.mp3
1785859289.933|[membudget] TASK-267 _play pre-acquire lfbInt=42996 freeInt=131044
1785859289.938|[membudget] TASK-267 arena acquire=24576B lfbBefore=42996 OK
1785859289.944|[membudget] arena init base=0x3fff8c2c cap=24576
1785859289.949|[membudget] CP0-pre-audio-init freeDma=63308 lfbDma=42996
1785859289.952|[I][wrpump] created stack=8192B prio=2 core=1
1785859289.958|[I][webradio] HEAP pre-connect free=75776 min=65664 maxAlloc=42996
1785859289.966|[membudget] CP1-pre-connect skip=0 freeInt=75776 lfbInt=42996 freeDma=32632 lfbDma=24564
1785859289.973|[I][webradio] audio_info: PSRAM not found, inputBufferSize: 6399 bytes
1785859289.984|[I][webradio] audio_info: buffers freed, free Heap: 67552 bytes
1785859289.997|[I][webradio] audio_info: Connect to new host: "http://playerservices.streamtheworld.com/api/livestream-redirect/RADIO10.mp3"
1785859290.059|[I][webradio] audio_info: Connection has been established in 60 ms, free Heap: 66408 bytes
1785859290.070|{"ok":true,"cmd":"set","var":"wrUrl","val":"http://playerservices.streamtheworld.com/api/livestream-redirect/RADIO10.mp3"}
1785859290.108|[D][chrome] drawVolume pct=100 keyframe=4
1785859290.111|[D][chrome] drawVolume pct=100 keyframe=4
1785859290.148|[I][webradio] audio_info: redirect to new host "http://22343.live.streamtheworld.com:80/RADIO10.mp3"
1785859290.152|[W][perf] iter=227ms (worst path so far: wr.connect:92ms)
1785859290.162|[I][webradio] audio_info: buffers freed, free Heap: 64560 bytes
1785859290.173|[I][webradio] audio_info: Connect to new host: "http://22343.live.streamtheworld.com:80/RADIO10.mp3"
1785859290.219|[W][perf] iter=71ms (worst path so far: wr.connect:92ms)
1785859290.238|[I][webradio] audio_info: Connection has been established in 59 ms, free Heap: 66312 bytes
1785859291.048|[I][webradio] audio_info: icy-name: Radio 10
1785859291.054|[mbdbg] arena FIRST alloc: base=0x3fff8c2c cap=24576 req=2000
1785859291.071|[mbdbg] helix alloc: DecInfo=0x3fff8c2c(2000) FHdr=0x3fff93fc(44) SI=0x3fff9428(40) SFJS=0x3fff9450(36) Huff=0x3fff9474(4624) Deq=0x3fffa684(792) IMDCT=0x3fffa99c(6944) Sub=0x3fffc4bc(8708) FInfo=0x3fffe6c0(28)
1785859291.079|[I][webradio] audio_info: MP3Decoder has been initialized, free Heap: 58220 bytes
1785859291.087|[membudget] CP2-decoder-init freeInt=58220 lfbInt=42996 freeDma=15076 lfbDma=9716 arenaHWM=23216
1785859291.095|[W][perf] iter=52ms (worst path so far: wr.pump:105ms)[I][webradio] audio_info: stream ready
1785859291.100|[I][webradio] audio_info: syncword found at pos 0
1785859291.115|[I][webradio] audio_info: Channels: 2
1785859291.117|[I][webradio] audio_info: SampleRate: 44100
1785859291.120|[I][webradio] audio_info: BitsPerSample: 16
1785859291.125|[I][webradio] audio_info: BitRate: 128000
1785859306.898|[I][webradio] HEAP play free=58204 min=53424
1785859313.059|[I][hb] display=winamp wifi=rssi(-49) disc=1 heap=54k maxAlloc=41k stack_hwm=11744b uptime=00:00:36 poll=0/0 last=0 block_max=0ms loop_max=227ms slow=wr.pump:105ms last_poll_age_ms=0 next_poll_in_ms=5000 last_render_age_ms=22921 build=Aug  4 2026-17:00:25
1785859336.909|[I][webradio] HEAP play free=55692 min=53140
1785859343.073|[I][hb] display=winamp wifi=rssi(-47) disc=1 heap=54k maxAlloc=41k stack_hwm=11744b uptime=00:01:06 poll=0/0 last=0 block_max=0ms loop_max=47ms slow=app.tick:25ms last_poll_age_ms=0 next_poll_in_ms=5000 last_render_age_ms=52934 build=Aug  4 2026-17:00:25
1785859366.917|[I][webradio] HEAP play free=55840 min=53140
1785859373.079|[I][hb] display=winamp wifi=rssi(-46) disc=1 heap=54k maxAlloc=41k stack_hwm=11744b uptime=00:01:36 poll=0/0 last=0 block_max=0ms loop_max=49ms slow=wr.pump:23ms last_poll_age_ms=0 next_poll_in_ms=5000 last_render_age_ms=82945 build=Aug  4 2026-17:00:25
1785859373.091|[W][perf] iter=52ms (worst path so far: wr.pump:22ms)
1785859385.739|[I][webradio] audio_info: StreamTitle=''
1785859385.740|[D][webradio] ICY:
1785859396.930|[I][webradio] HEAP play free=55848 min=53140
1785859403.076|[I][hb] display=winamp wifi=rssi(-48) disc=1 heap=56k maxAlloc=41k stack_hwm=11744b uptime=00:02:06 poll=0/0 last=0 block_max=0ms loop_max=52ms slow=app.tick:24ms last_poll_age_ms=0 next_poll_in_ms=5000 last_render_age_ms=112945 build=Aug  4 2026-17:00:25
1785859404.103|{"ok":true,"cmd":"get","var":"wrState","state":2,"last":true}
1785859420.741|[I][webradio] audio_info: StreamTitle='Kool & The Gang - Let's Go Dancin' (Ooh La La La)'
1785859420.748|[D][webradio] ICY: Kool & The Gang - Let's Go Dancin' (Ooh La La La)
1785859426.929|[I][webradio] HEAP play free=58204 min=53140
1785859433.087|[I][hb] display=winamp wifi=rssi(-46) disc=1 heap=56k maxAlloc=41k stack_hwm=11744b uptime=00:02:36 poll=0/0 last=0 block_max=0ms loop_max=27ms slow=app.tick:24ms last_poll_age_ms=0 next_poll_in_ms=5000 last_render_age_ms=142951 build=Aug  4 2026-17:00:25
1785859434.142|{"ok":true,"cmd":"get","var":"wrState","state":2,"last":true}
1785859456.934|[I][webradio] HEAP play free=58212 min=53140
1785859463.104|[I][hb] display=winamp wifi=rssi(-45) disc=1 heap=54k maxAlloc=41k stack_hwm=11744b uptime=00:03:06 poll=0/0 last=0 block_max=0ms loop_max=50ms slow=app.tick:28ms last_poll_age_ms=0 next_poll_in_ms=5000 last_render_age_ms=172968 build=Aug  4 2026-17:00:25
1785859464.178|{"ok":true,"cmd":"get","var":"wrState","state":2,"last":true}
1785859486.957|[I][webradio] HEAP play free=55840 min=53140
1785859493.115|[I][hb] display=winamp wifi=rssi(-48) disc=1 heap=54k maxAlloc=41k stack_hwm=11744b uptime=00:03:36 poll=0/0 last=0 block_max=0ms loop_max=45ms slow=app.tick:28ms last_poll_age_ms=0 next_poll_in_ms=5000 last_render_age_ms=202981 build=Aug  4 2026-17:00:25
1785859494.212|{"ok":true,"cmd":"get","var":"wrState","state":2,"last":true}
1785859516.964|[I][webradio] HEAP play free=55848 min=53140
1785859523.133|[I][hb] display=winamp wifi=rssi(-48) disc=1 heap=54k maxAlloc=41k stack_hwm=11744b uptime=00:04:06 poll=0/0 last=0 block_max=0ms loop_max=49ms slow=app.tick:26ms last_poll_age_ms=0 next_poll_in_ms=5000 last_render_age_ms=232996 build=Aug  4 2026-17:00:25
1785859524.234|{"ok":true,"cmd":"get","var":"wrState","state":2,"last":true}
1785859546.978|[I][webradio] HEAP play free=55840 min=53140
1785859553.144|[I][hb] display=winamp wifi=rssi(-47) disc=1 heap=56k maxAlloc=41k stack_hwm=11744b uptime=00:04:36 poll=0/0 last=0 block_max=0ms loop_max=45ms slow=app.tick:26ms last_poll_age_ms=0 next_poll_in_ms=5000 last_render_age_ms=263016 build=Aug  4 2026-17:00:25
1785859554.273|{"ok":true,"cmd":"get","var":"wrState","state":2,"last":true}
1785859576.996|[I][webradio] HEAP play free=58252 min=53140
1785859583.167|[I][hb] display=winamp wifi=rssi(-48) disc=1 heap=56k maxAlloc=41k stack_hwm=11744b uptime=00:05:06 poll=0/0 last=0 block_max=0ms loop_max=44ms slow=app.tick:27ms last_poll_age_ms=0 next_poll_in_ms=5000 last_render_age_ms=293026 build=Aug  4 2026-17:00:25
1785859583.184|[W][perf] iter=53ms (worst path so far: wr.pump:23ms)
1785859584.307|{"ok":true,"cmd":"get","var":"wrState","state":2,"last":true}
1785859590.325|{"ok":true,"cmd":"get","var":"wrState","state":2,"last":true}
1785859590.348|{"ok":true,"cmd":"get","var":"wrIdx","idx":0,"last":true}
1785859607.001|[I][webradio] HEAP play free=58244 min=50748
1785859613.172|[I][hb] display=winamp wifi=rssi(-46) disc=1 heap=54k maxAlloc=41k stack_hwm=11744b uptime=00:05:36 poll=0/0 last=0 block_max=0ms loop_max=53ms slow=app.tick:26ms last_poll_age_ms=0 next_poll_in_ms=5000 last_render_age_ms=323026 build=Aug  4 2026-17:00:25
1785859614.375|{"ok":true,"cmd":"get","var":"wrState","state":2,"last":true}
1785859637.003|[I][webradio] HEAP play free=55872 min=50748
1785859643.160|[I][hb] display=winamp wifi=rssi(-48) disc=1 heap=54k maxAlloc=41k stack_hwm=11744b uptime=00:06:06 poll=0/0 last=0 block_max=0ms loop_max=49ms slow=app.tick:29ms last_poll_age_ms=0 next_poll_in_ms=5000 last_render_age_ms=353034 build=Aug  4 2026-17:00:25
1785859644.416|{"ok":true,"cmd":"get","var":"wrState","state":2,"last":true}
1785859656.726|[I][webradio] audio_info: StreamTitle='Sixpence None The Richer - Kiss Me'
1785859656.731|[D][webradio] ICY: Sixpence None The Richer - Kiss Me
1785859667.011|[I][webradio] HEAP play free=55872 min=50748
1785859673.178|[I][hb] display=winamp wifi=rssi(-46) disc=1 heap=54k maxAlloc=41k stack_hwm=11744b uptime=00:06:36 poll=0/0 last=0 block_max=0ms loop_max=37ms slow=app.tick:29ms last_poll_age_ms=0 next_poll_in_ms=5000 last_render_age_ms=383044 build=Aug  4 2026-17:00:25
1785859674.435|{"ok":true,"cmd":"get","var":"wrState","state":2,"last":true}
1785859697.022|[I][webradio] HEAP play free=55880 min=50748
1785859703.188|[I][hb] display=winamp wifi=rssi(-50) disc=1 heap=56k maxAlloc=41k stack_hwm=11744b uptime=00:07:06 poll=0/0 last=0 block_max=0ms loop_max=47ms slow=app.tick:29ms last_poll_age_ms=0 next_poll_in_ms=5000 last_render_age_ms=413058 build=Aug  4 2026-17:00:25
1785859704.472|{"ok":true,"cmd":"get","var":"wrState","state":2,"last":true}
1785859727.035|[I][webradio] HEAP play free=58236 min=50748
1785859733.211|[I][hb] display=winamp wifi=rssi(-45) disc=1 heap=58k maxAlloc=41k stack_hwm=11744b uptime=00:07:36 poll=0/0 last=0 block_max=0ms loop_max=48ms slow=app.tick:27ms last_poll_age_ms=0 next_poll_in_ms=5000 last_render_age_ms=443079 build=Aug  4 2026-17:00:25
1785859734.492|{"ok":true,"cmd":"get","var":"wrState","state":2,"last":true}
1785859757.048|[I][webradio] HEAP play free=58244 min=50748
1785859763.216|[I][hb] display=winamp wifi=rssi(-46) disc=1 heap=54k maxAlloc=41k stack_hwm=11744b uptime=00:08:06 poll=0/0 last=0 block_max=0ms loop_max=37ms slow=app.tick:26ms last_poll_age_ms=0 next_poll_in_ms=5000 last_render_age_ms=473089 build=Aug  4 2026-17:00:25
1785859764.532|{"ok":true,"cmd":"get","var":"wrState","state":2,"last":true}
1785859787.050|[I][webradio] HEAP play free=60404 min=50748
1785859793.232|[I][hb] display=winamp wifi=rssi(-46) disc=1 heap=54k maxAlloc=41k stack_hwm=11744b uptime=00:08:36 poll=0/0 last=0 block_max=0ms loop_max=48ms slow=app.tick:27ms last_poll_age_ms=0 next_poll_in_ms=5000 last_render_age_ms=503098 build=Aug  4 2026-17:00:25
1785859794.564|{"ok":true,"cmd":"get","var":"wrState","state":2,"last":true}
1785859817.053|[I][webradio] HEAP play free=55864 min=50748
1785859823.243|[I][hb] display=winamp wifi=rssi(-46) disc=1 heap=56k maxAlloc=41k stack_hwm=11744b uptime=00:09:06 poll=0/0 last=0 block_max=0ms loop_max=50ms slow=app.tick:28ms last_poll_age_ms=0 next_poll_in_ms=5000 last_render_age_ms=533116 build=Aug  4 2026-17:00:25
1785859824.605|{"ok":true,"cmd":"get","var":"wrState","state":2,"last":true}
1785859847.067|[I][webradio] HEAP play free=55880 min=50748
1785859853.261|[I][hb] display=winamp wifi=rssi(-47) disc=1 heap=56k maxAlloc=41k stack_hwm=11744b uptime=00:09:36 poll=0/0 last=0 block_max=0ms loop_max=49ms slow=app.tick:28ms last_poll_age_ms=0 next_poll_in_ms=5000 last_render_age_ms=563127 build=Aug  4 2026-17:00:25
1785859853.268|[W][perf] iter=52ms (worst path so far: wr.pump:22ms)
1785859854.641|{"ok":true,"cmd":"get","var":"wrState","state":2,"last":true}
1785859877.086|[I][webradio] HEAP play free=58236 min=50748
1785859883.256|[I][hb] display=winamp wifi=rssi(-48) disc=1 heap=58k maxAlloc=41k stack_hwm=11744b uptime=00:10:06 poll=0/0 last=0 block_max=0ms loop_max=52ms slow=app.tick:27ms last_poll_age_ms=0 next_poll_in_ms=5000 last_render_age_ms=593128 build=Aug  4 2026-17:00:25
1785859884.668|{"ok":true,"cmd":"get","var":"wrState","state":2,"last":true}
1785859890.699|{"ok":true,"cmd":"get","var":"wrState","state":2,"last":true}
1785859890.723|{"ok":true,"cmd":"get","var":"wrIdx","idx":0,"last":true}
1785859907.093|[I][webradio] HEAP play free=58244 min=50748
1785859913.265|[I][hb] display=winamp wifi=rssi(-47) disc=1 heap=54k maxAlloc=41k stack_hwm=11744b uptime=00:10:36 poll=0/0 last=0 block_max=0ms loop_max=30ms slow=app.tick:25ms last_poll_age_ms=0 next_poll_in_ms=5000 last_render_age_ms=623139 build=Aug  4 2026-17:00:25
1785859914.757|{"ok":true,"cmd":"get","var":"wrState","state":2,"last":true}
1785859936.732|[I][webradio] audio_info: StreamTitle='Dire Straits - Sultans Of Swing'
1785859936.753|[D][webradio] ICY: Dire Straits - Sultans Of Swing
1785859937.095|[I][webradio] HEAP play free=60268 min=50748
1785859943.278|[I][hb] display=winamp wifi=rssi(-49) disc=1 heap=54k maxAlloc=41k stack_hwm=11744b uptime=00:11:06 poll=0/0 last=0 block_max=0ms loop_max=48ms slow=app.tick:28ms last_poll_age_ms=0 next_poll_in_ms=5000 last_render_age_ms=653145 build=Aug  4 2026-17:00:25
1785859943.285|[W][perf] iter=51ms (worst path so far: wr.pump:22ms)
1785859944.794|{"ok":true,"cmd":"get","var":"wrState","state":2,"last":true}
1785859967.101|[I][webradio] HEAP play free=55864 min=50748
1785859973.288|[I][hb] display=winamp wifi=rssi(-47) disc=1 heap=56k maxAlloc=41k stack_hwm=11744b uptime=00:11:36 poll=0/0 last=0 block_max=0ms loop_max=51ms slow=app.tick:28ms last_poll_age_ms=0 next_poll_in_ms=5000 last_render_age_ms=683147 build=Aug  4 2026-17:00:25
1785859974.831|{"ok":true,"cmd":"get","var":"wrState","state":2,"last":true}
1785859997.108|[I][webradio] HEAP play free=55864 min=50748
1785860003.277|[I][hb] display=winamp wifi=rssi(-46) disc=1 heap=56k maxAlloc=41k stack_hwm=11744b uptime=00:12:06 poll=0/0 last=0 block_max=0ms loop_max=50ms slow=app.tick:25ms last_poll_age_ms=0 next_poll_in_ms=5000 last_render_age_ms=713150 build=Aug  4 2026-17:00:25
1785860004.854|{"ok":true,"cmd":"get","var":"wrState","state":2,"last":true}
1785860027.125|[I][webradio] HEAP play free=58244 min=50748
1785860033.301|[I][hb] display=winamp wifi=rssi(-46) disc=1 heap=58k maxAlloc=41k stack_hwm=11744b uptime=00:12:36 poll=0/0 last=0 block_max=0ms loop_max=48ms slow=app.tick:26ms last_poll_age_ms=0 next_poll_in_ms=5000 last_render_age_ms=743173 build=Aug  4 2026-17:00:25
1785860034.887|{"ok":true,"cmd":"get","var":"wrState","state":2,"last":true}
1785860057.143|[I][webradio] HEAP play free=58244 min=50740
1785860063.306|[I][hb] display=winamp wifi=rssi(-47) disc=1 heap=54k maxAlloc=41k stack_hwm=11744b uptime=00:13:06 poll=0/0 last=0 block_max=0ms loop_max=37ms slow=app.tick:27ms last_poll_age_ms=0 next_poll_in_ms=5000 last_render_age_ms=773185 build=Aug  4 2026-17:00:25
1785860064.910|{"ok":true,"cmd":"get","var":"wrState","state":2,"last":true}
1785860087.163|[I][webradio] HEAP play free=55872 min=50740
1785860093.323|[I][hb] display=winamp wifi=rssi(-50) disc=1 heap=54k maxAlloc=41k stack_hwm=11744b uptime=00:13:36 poll=0/0 last=0 block_max=0ms loop_max=47ms slow=app.tick:27ms last_poll_age_ms=0 next_poll_in_ms=5000 last_render_age_ms=803196 build=Aug  4 2026-17:00:25
1785860094.943|{"ok":true,"cmd":"get","var":"wrState","state":2,"last":true}
1785860117.164|[I][webradio] HEAP play free=55872 min=50740
1785860123.334|[I][hb] display=winamp wifi=rssi(-50) disc=1 heap=56k maxAlloc=41k stack_hwm=11744b uptime=00:14:06 poll=0/0 last=0 block_max=0ms loop_max=46ms slow=app.tick:27ms last_poll_age_ms=0 next_poll_in_ms=5000 last_render_age_ms=833213 build=Aug  4 2026-17:00:25
1785860124.963|{"ok":true,"cmd":"get","var":"wrState","state":2,"last":true}
1785860147.167|[I][webradio] HEAP play free=58244 min=50740
1785860153.351|[I][hb] display=winamp wifi=rssi(-48) disc=1 heap=56k maxAlloc=41k stack_hwm=11744b uptime=00:14:36 poll=0/0 last=0 block_max=0ms loop_max=37ms slow=app.tick:27ms last_poll_age_ms=0 next_poll_in_ms=5000 last_render_age_ms=863225 build=Aug  4 2026-17:00:25
1785860155.004|{"ok":true,"cmd":"get","var":"wrState","state":2,"last":true}
1785860177.170|[I][webradio] HEAP play free=58236 min=50740
1785860183.368|[I][hb] display=winamp wifi=rssi(-50) disc=1 heap=59k maxAlloc=41k stack_hwm=11744b uptime=00:15:06 poll=0/0 last=0 block_max=0ms loop_max=39ms slow=app.tick:26ms last_poll_age_ms=0 next_poll_in_ms=5000 last_render_age_ms=893244 build=Aug  4 2026-17:00:25
1785860185.034|{"ok":true,"cmd":"get","var":"wrState","state":2,"last":true}
1785860187.709|[I][webradio] audio_info: StreamTitle='Bruno Mars - I Just Might'
1785860187.712|[D][webradio] ICY: Bruno Mars - I Just Might
1785860191.054|{"ok":true,"cmd":"get","var":"wrState","state":2,"last":true}
1785860191.077|{"ok":true,"cmd":"get","var":"wrIdx","idx":0,"last":true}
1785860207.185|[I][webradio] HEAP play free=58244 min=50740
1785860213.380|[I][hb] display=winamp wifi=rssi(-50) disc=1 heap=54k maxAlloc=41k stack_hwm=11744b uptime=00:15:36 poll=0/0 last=0 block_max=0ms loop_max=29ms slow=app.tick:26ms last_poll_age_ms=0 next_poll_in_ms=5000 last_render_age_ms=923254 build=Aug  4 2026-17:00:25
1785860215.110|{"ok":true,"cmd":"get","var":"wrState","state":2,"last":true}
1785860237.202|[I][webradio] HEAP play free=58244 min=50676
1785860243.392|[I][hb] display=winamp wifi=rssi(-49) disc=1 heap=56k maxAlloc=41k stack_hwm=11744b uptime=00:16:06 poll=0/0 last=0 block_max=0ms loop_max=47ms slow=app.tick:30ms last_poll_age_ms=0 next_poll_in_ms=5000 last_render_age_ms=953272 build=Aug  4 2026-17:00:25
1785860245.145|{"ok":true,"cmd":"get","var":"wrState","state":2,"last":true}
1785860267.213|[I][webradio] HEAP play free=55872 min=50676
1785860273.407|[I][hb] display=winamp wifi=rssi(-47) disc=1 heap=56k maxAlloc=41k stack_hwm=11744b uptime=00:16:36 poll=0/0 last=0 block_max=0ms loop_max=28ms slow=app.tick:24ms last_poll_age_ms=0 next_poll_in_ms=5000 last_render_age_ms=983290 build=Aug  4 2026-17:00:25
1785860275.181|{"ok":true,"cmd":"get","var":"wrState","state":2,"last":true}
1785860297.212|[I][webradio] HEAP play free=58236 min=50676
1785860303.424|[I][hb] display=winamp wifi=rssi(-48) disc=1 heap=56k maxAlloc=41k stack_hwm=11744b uptime=00:17:06 poll=0/0 last=0 block_max=0ms loop_max=40ms slow=app.tick:26ms last_poll_age_ms=0 next_poll_in_ms=5000 last_render_age_ms=1013297 build=Aug  4 2026-17:00:2
1785860305.206|{"ok":true,"cmd":"get","var":"wrState","state":2,"last":true}
1785860327.217|[I][webradio] HEAP play free=58236 min=50676
1785860333.436|[I][hb] display=winamp wifi=rssi(-48) disc=1 heap=56k maxAlloc=41k stack_hwm=11744b uptime=00:17:36 poll=0/0 last=0 block_max=0ms loop_max=50ms slow=app.tick:26ms last_poll_age_ms=0 next_poll_in_ms=5000 last_render_age_ms=1043315 build=Aug  4 2026-17:00:2
1785860335.245|{"ok":true,"cmd":"get","var":"wrState","state":2,"last":true}
1785860357.225|[I][webradio] HEAP play free=58244 min=48488
1785860363.446|[I][hb] display=winamp wifi=rssi(-48) disc=1 heap=54k maxAlloc=41k stack_hwm=11744b uptime=00:18:06 poll=0/0 last=0 block_max=0ms loop_max=29ms slow=app.tick:25ms last_poll_age_ms=0 next_poll_in_ms=5000 last_render_age_ms=1073330 build=Aug  4 2026-17:00:2
1785860365.278|{"ok":true,"cmd":"get","var":"wrState","state":2,"last":true}
1785860387.230|[I][webradio] HEAP play free=60396 min=48488
1785860393.465|[I][hb] display=winamp wifi=rssi(-47) disc=1 heap=56k maxAlloc=41k stack_hwm=11744b uptime=00:18:36 poll=0/0 last=0 block_max=0ms loop_max=29ms slow=app.tick:26ms last_poll_age_ms=0 next_poll_in_ms=5000 last_render_age_ms=1103339 build=Aug  4 2026-17:00:2
1785860395.300|{"ok":true,"cmd":"get","var":"wrState","state":2,"last":true}
1785860417.236|[I][webradio] HEAP play free=55528 min=48488
1785860423.474|[I][hb] display=winamp wifi=rssi(-47) disc=1 heap=56k maxAlloc=41k stack_hwm=11744b uptime=00:19:06 poll=0/0 last=0 block_max=0ms loop_max=48ms slow=app.tick:28ms last_poll_age_ms=0 next_poll_in_ms=5000 last_render_age_ms=1133339 build=Aug  4 2026-17:00:2
1785860425.336|{"ok":true,"cmd":"get","var":"wrState","state":2,"last":true}
1785860447.243|[I][webradio] HEAP play free=55872 min=48488
1785860453.463|[I][hb] display=winamp wifi=rssi(-49) disc=1 heap=56k maxAlloc=41k stack_hwm=11744b uptime=00:19:36 poll=0/0 last=0 block_max=0ms loop_max=50ms slow=app.tick:27ms last_poll_age_ms=0 next_poll_in_ms=5000 last_render_age_ms=1163344 build=Aug  4 2026-17:00:2
1785860455.374|{"ok":true,"cmd":"get","var":"wrState","state":2,"last":true}
1785860465.723|[I][webradio] audio_info: StreamTitle='Dan Hartman - I Can Dream About You'
1785860465.743|[D][webradio] ICY: Dan Hartman - I Can Dream About You
1785860477.241|[I][webradio] HEAP play free=58244 min=48488
1785860483.479|[I][hb] display=winamp wifi=rssi(-48) disc=1 heap=58k maxAlloc=41k stack_hwm=11744b uptime=00:20:06 poll=0/0 last=0 block_max=0ms loop_max=50ms slow=app.tick:27ms last_poll_age_ms=0 next_poll_in_ms=5000 last_render_age_ms=1193344 build=Aug  4 2026-17:00:2
1785860485.397|{"ok":true,"cmd":"get","var":"wrState","state":2,"last":true}
1785860491.426|{"ok":true,"cmd":"get","var":"wrState","state":2,"last":true}
1785860491.451|{"ok":true,"cmd":"get","var":"wrIdx","idx":0,"last":true}
1785860507.247|[I][webradio] HEAP play free=58036 min=48488
1785860513.469|[I][hb] display=winamp wifi=rssi(-49) disc=1 heap=54k maxAlloc=41k stack_hwm=11744b uptime=00:20:36 poll=0/0 last=0 block_max=0ms loop_max=48ms slow=app.tick:27ms last_poll_age_ms=0 next_poll_in_ms=5000 last_render_age_ms=1223353 build=Aug  4 2026-17:00:2
1785860515.485|{"ok":true,"cmd":"get","var":"wrState","state":2,"last":true}
1785860537.267|[I][webradio] HEAP play free=58040 min=48488
1785860543.480|[I][hb] display=winamp wifi=rssi(-48) disc=1 heap=56k maxAlloc=41k stack_hwm=11744b uptime=00:21:06 poll=0/0 last=0 block_max=0ms loop_max=30ms slow=app.tick:28ms last_poll_age_ms=0 next_poll_in_ms=5000 last_render_age_ms=1253367 build=Aug  4 2026-17:00:2
1785860543.513|{"ok":true,"cmd":"get","var":"wrState","state":2,"last":true}
1785860567.283|[I][webradio] HEAP play free=55676 min=48488
1785860573.496|[I][hb] display=winamp wifi=rssi(-48) disc=1 heap=56k maxAlloc=41k stack_hwm=11744b uptime=00:21:36 poll=0/0 last=0 block_max=0ms loop_max=46ms slow=app.tick:28ms last_poll_age_ms=0 next_poll_in_ms=5000 last_render_age_ms=1283374 build=Aug  4 2026-17:00:2
1785860573.532|{"ok":true,"cmd":"get","var":"wrState","state":2,"last":true}
1785860597.292|[I][webradio] HEAP play free=55676 min=48488
1785860603.508|[I][hb] display=winamp wifi=rssi(-48) disc=1 heap=56k maxAlloc=41k stack_hwm=11744b uptime=00:22:06 poll=0/0 last=0 block_max=0ms loop_max=49ms slow=app.tick:27ms last_poll_age_ms=0 next_poll_in_ms=5000 last_render_age_ms=1313374 build=Aug  4 2026-17:00:2
1785860603.564|{"ok":true,"cmd":"get","var":"wrState","state":2,"last":true}
1785860627.306|[I][webradio] HEAP play free=58040 min=48488
1785860633.503|[I][hb] display=winamp wifi=rssi(-48) disc=1 heap=58k maxAlloc=41k stack_hwm=11744b uptime=00:22:36 poll=0/0 last=0 block_max=0ms loop_max=50ms slow=app.tick:29ms last_poll_age_ms=0 next_poll_in_ms=5000 last_render_age_ms=1343385 build=Aug  4 2026-17:00:2
1785860633.601|{"ok":true,"cmd":"get","var":"wrState","state":2,"last":true}
1785860657.318|[I][webradio] HEAP play free=58040 min=48488
1785860663.513|[I][hb] display=winamp wifi=rssi(-49) disc=1 heap=54k maxAlloc=41k stack_hwm=11744b uptime=00:23:06 poll=0/0 last=0 block_max=0ms loop_max=31ms slow=app.tick:27ms last_poll_age_ms=0 next_poll_in_ms=5000 last_render_age_ms=1373392 build=Aug  4 2026-17:00:2
1785860663.624|{"ok":true,"cmd":"get","var":"wrState","state":2,"last":true}
1785860687.320|[I][webradio] HEAP play free=60416 min=48488
1785860693.525|[I][hb] display=winamp wifi=rssi(-48) disc=1 heap=54k maxAlloc=41k stack_hwm=11744b uptime=00:23:36 poll=0/0 last=0 block_max=0ms loop_max=49ms slow=app.tick:25ms last_poll_age_ms=0 next_poll_in_ms=5000 last_render_age_ms=1403392 build=Aug  4 2026-17:00:2
1785860693.531|[W][perf] iter=52ms (worst path so far: wr.pump:22ms)
1785860693.661|{"ok":true,"cmd":"get","var":"wrState","state":2,"last":true}
1785860717.330|[I][webradio] HEAP play free=55676 min=48488
1785860723.513|[I][hb] display=winamp wifi=rssi(-50) disc=1 heap=54k maxAlloc=41k stack_hwm=11744b uptime=00:24:06 poll=0/0 last=0 block_max=0ms loop_max=52ms slow=app.tick:29ms last_poll_age_ms=0 next_poll_in_ms=5000 last_render_age_ms=1433397 build=Aug  4 2026-17:00:2
1785860723.700|{"ok":true,"cmd":"get","var":"wrState","state":2,"last":true}
1785860743.714|[I][webradio] audio_info: StreamTitle=''
1785860743.734|[D][webradio] ICY:
1785860747.331|[I][webradio] HEAP play free=55676 min=48488
1785860753.530|[I][hb] display=winamp wifi=rssi(-48) disc=1 heap=56k maxAlloc=41k stack_hwm=11744b uptime=00:24:36 poll=0/0 last=0 block_max=0ms loop_max=50ms slow=app.tick:28ms last_poll_age_ms=0 next_poll_in_ms=5000 last_render_age_ms=1463413 build=Aug  4 2026-17:00:2
1785860753.718|{"ok":true,"cmd":"get","var":"wrState","state":2,"last":true}
1785860777.333|[I][webradio] HEAP play free=58040 min=48488
1785860783.545|[I][hb] display=winamp wifi=rssi(-50) disc=1 heap=56k maxAlloc=41k stack_hwm=11744b uptime=00:25:06 poll=0/0 last=0 block_max=0ms loop_max=31ms slow=app.tick:24ms last_poll_age_ms=0 next_poll_in_ms=5000 last_render_age_ms=1493429 build=Aug  4 2026-17:00:2
1785860783.759|{"ok":true,"cmd":"get","var":"wrState","state":2,"last":true}
1785860791.780|{"ok":true,"cmd":"get","var":"wrState","state":2,"last":true}
1785860791.821|{"ok":true,"cmd":"get","var":"wrIdx","idx":0,"last":true}
1785860807.341|[I][webradio] HEAP play free=58040 min=48488
1785860813.558|[I][hb] display=winamp wifi=rssi(-50) disc=1 heap=54k maxAlloc=41k stack_hwm=11744b uptime=00:25:36 poll=0/0 last=0 block_max=0ms loop_max=33ms slow=wr.pump:23ms last_poll_age_ms=0 next_poll_in_ms=5000 last_render_age_ms=1523443 build=Aug  4 2026-17:00:25
1785860813.843|{"ok":true,"cmd":"get","var":"wrState","state":2,"last":true}
1785860837.348|[I][webradio] HEAP play free=58040 min=48488
1785860843.570|[I][hb] display=winamp wifi=rssi(-49) disc=1 heap=56k maxAlloc=41k stack_hwm=11744b uptime=00:26:06 poll=0/0 last=0 block_max=0ms loop_max=32ms slow=app.tick:24ms last_poll_age_ms=0 next_poll_in_ms=5000 last_render_age_ms=1553461 build=Aug  4 2026-17:00:2
1785860843.868|{"ok":true,"cmd":"get","var":"wrState","state":2,"last":true}
1785860867.350|[I][webradio] HEAP play free=60084 min=48488
1785860873.586|[I][hb] display=winamp wifi=rssi(-50) disc=1 heap=56k maxAlloc=41k stack_hwm=11744b uptime=00:26:36 poll=0/0 last=0 block_max=0ms loop_max=28ms slow=wr.pump:23ms last_poll_age_ms=0 next_poll_in_ms=5000 last_render_age_ms=1583472 build=Aug  4 2026-17:00:25
1785860873.905|{"ok":true,"cmd":"get","var":"wrState","state":2,"last":true}
1785860897.353|[I][webradio] HEAP play free=55676 min=48488
1785860903.599|[I][hb] display=winamp wifi=rssi(-47) disc=1 heap=56k maxAlloc=41k stack_hwm=11744b uptime=00:27:06 poll=0/0 last=0 block_max=0ms loop_max=32ms slow=app.tick:24ms last_poll_age_ms=0 next_poll_in_ms=5000 last_render_age_ms=1613489 build=Aug  4 2026-17:00:2
1785860903.944|{"ok":true,"cmd":"get","var":"wrState","state":2,"last":true}
1785860927.363|[I][webradio] HEAP play free=55676 min=48488
1785860933.613|[I][hb] display=winamp wifi=rssi(-49) disc=1 heap=54k maxAlloc=41k stack_hwm=11744b uptime=00:27:36 poll=0/0 last=0 block_max=0ms loop_max=30ms slow=app.tick:25ms last_poll_age_ms=0 next_poll_in_ms=5000 last_render_age_ms=1643502 build=Aug  4 2026-17:00:2
1785860933.961|{"ok":true,"cmd":"get","var":"wrState","state":2,"last":true}
1785860957.380|[I][webradio] HEAP play free=58044 min=48488
1785860963.626|[I][hb] display=winamp wifi=rssi(-50) disc=1 heap=54k maxAlloc=41k stack_hwm=11744b uptime=00:28:06 poll=0/0 last=0 block_max=0ms loop_max=45ms slow=app.tick:28ms last_poll_age_ms=0 next_poll_in_ms=5000 last_render_age_ms=1673514 build=Aug  4 2026-17:00:2
1785860964.001|{"ok":true,"cmd":"get","var":"wrState","state":2,"last":true}
1785860987.392|[I][webradio] HEAP play free=58040 min=48488
1785860993.643|[I][hb] display=winamp wifi=rssi(-49) disc=1 heap=56k maxAlloc=41k stack_hwm=11744b uptime=00:28:36 poll=0/0 last=0 block_max=0ms loop_max=49ms slow=app.tick:25ms last_poll_age_ms=0 next_poll_in_ms=5000 last_render_age_ms=1703529 build=Aug  4 2026-17:00:2
1785860994.032|{"ok":true,"cmd":"get","var":"wrState","state":2,"last":true}
1785861017.395|[I][webradio] HEAP play free=60416 min=48488
1785861023.654|[I][hb] display=winamp wifi=rssi(-49) disc=1 heap=56k maxAlloc=41k stack_hwm=11744b uptime=00:29:06 poll=0/0 last=0 block_max=0ms loop_max=35ms slow=app.tick:25ms last_poll_age_ms=0 next_poll_in_ms=5000 last_render_age_ms=1733547 build=Aug  4 2026-17:00:2
1785861024.057|{"ok":true,"cmd":"get","var":"wrState","state":2,"last":true}
1785861047.398|[I][webradio] HEAP play free=55676 min=48488
1785861053.672|[I][hb] display=winamp wifi=rssi(-49) disc=1 heap=54k maxAlloc=41k stack_hwm=11744b uptime=00:29:36 poll=0/0 last=0 block_max=0ms loop_max=28ms slow=app.tick:24ms last_poll_age_ms=0 next_poll_in_ms=5000 last_render_age_ms=1763560 build=Aug  4 2026-17:00:2
1785861054.095|{"ok":true,"cmd":"get","var":"wrState","state":2,"last":true}
1785861077.413|[I][webradio] HEAP play free=55676 min=48488
1785861083.682|[I][hb] display=winamp wifi=rssi(-49) disc=1 heap=54k maxAlloc=41k stack_hwm=11744b uptime=00:30:06 poll=0/0 last=0 block_max=0ms loop_max=46ms slow=app.tick:25ms last_poll_age_ms=0 next_poll_in_ms=5000 last_render_age_ms=1793578 build=Aug  4 2026-17:00:2
1785861084.132|{"ok":true,"cmd":"get","var":"wrState","state":2,"last":true}
1785861090.169|{"ok":true,"cmd":"set","var":"bgPoll","val":"1"}
1785861090.192|{"ok":true,"cmd":"set","var":"wrAutoSkip","val":"1"}
1785861090.214|[shell] leaving 11  heap=58032 maxAlloc=42996 minFree=48488
1785861090.216|[I][wrpump] ack
1785861090.216|[I][wrpump] deleted
1785861090.263|[I][webradio] audio_info: buffers freed, free Heap: 75920 bytes
1785861090.268|[membudget] TASK-267 arena released
1785861090.323|[D][chrome] drawVolume pct=100 keyframe=4
1785861090.326|[D][chrome] drawVolume pct=-1 keyframe=NONE
1785861090.332|[shell] entered 0  heap=130608 maxAlloc=42996 minFree=48488
1785861090.340|[shell] switch 11->0 suspend=51ms wipe=27ms init=35ms taskbar=12ms total=125ms
1785861090.344|{"ok":true,"cmd":"switchApp","id":0}
